Retrieving projectΓÇª
Deploying shivenpatros-projects/orthoflow
Inspect: https://vercel.com/shivenpatros-projects/orthoflow/CsB5y4RXGa8w7YERCyXNza4gy6xY [2s]
Production: https://orthoflow-mrkj5z4sj-shivenpatros-projects.vercel.app [2s]
Building...
Building...
Building: Running build in Washington, D.C., USA (East) ΓÇô iad1
Building: Build machine configuration: 2 cores, 8 GB
Building: Retrieving list of deployment files...
Building: Previous build caches not available.
Building: Downloading 53 deployment files...
Building: Running "vercel build"
Building: Vercel CLI 50.35.0
Building: Installing dependencies...
Building: npm warn deprecated @esbuild-kit/esm-loader@2.6.5: Merged into tsx: https://tsx.is
Building: npm warn deprecated @esbuild-kit/core-utils@3.3.2: Merged into tsx: https://tsx.is
Building: npm warn deprecated node-domexception@1.0.0: Use your platform's native DOMException instead
Building: added 695 packages in 19s
Building: 238 packages are looking for funding
Building: run `npm fund` for details
Building: Detected Next.js version: 16.2.0
Building: Running "npm run build"
Building: > orthoflow@0.1.0 build
Building: > next build --webpack
Building: Attention: Next.js now collects completely anonymous telemetry regarding usage.
Building: This information is used to shape Next.js' roadmap and prioritize features.
Building: You can learn more, including how to opt-out if you'd not like to participate in this anonymous program, by visiting the following URL:
Building: https://nextjs.org/telemetry
Building: Γû▓ Next.js 16.2.0 (webpack)
Building: Creating an optimized production build ...
Building: Γ£ô Compiled successfully in 16.1s
Building: Running TypeScript ...
Building: Finished TypeScript in 5.6s ...
Building: Collecting page data using 1 worker ...
Building: Generating static pages using 1 worker (0/9) ...
Building: Generating static pages using 1 worker (2/9)
Building: Generating static pages using 1 worker (4/9)
Building: Generating static pages using 1 worker (6/9)
Building: Γ£ô Generating static pages using 1 worker (9/9) in 472ms
Building: Finalizing page optimization ...
Building: Collecting build traces ...
Building: Running onBuildComplete from Vercel
Building: Route (app)
Building: Γöî Γùï /
Building: Γö£ Γùï /_not-found
Building: Γö£ ╞Æ /api/patients
Building: Γö£ ╞Æ /api/session
Building: Γö£ Γùï /doctor/dashboard
Building: Γö£ Γùï /login
Building: Γöö Γùï /patient/exercise
Building: ╞Æ Proxy (Middleware)
Building: Γùï  (Static)   prerendered as static content
Building: ╞Æ  (Dynamic)  server-rendered on demand
Building: Build Completed in /vercel/output [53s]
Building: Deploying outputs...
[2K[1A[2K[GProduction: https://orthoflow-mrkj5z4sj-shivenpatros-projects.vercel.app [1m]
Completing...
Aliased: https://orthoflow-two.vercel.app [1m]

Common next commands:
- `vercel inspect orthoflow-mrkj5z4sj-shivenpatros-projects.vercel.app --logs`
- `vercel redeploy orthoflow-mrkj5z4sj-shivenpatros-projects.vercel.app`
https://orthoflow-mrkj5z4sj-shivenpatros-projects.vercel.app
